[38;5;174m╭─[39m [38;5;174mClaude[39m [38;5;174mCode[39m [38;5;174m────────────────────────────────────────╮
│[39m                                                      [38;5;174m│
│[39m                [1mWelcome[0m [1mback[0m [1mLawrence![0m                [38;5;174m│
│[39m                                                      [38;5;174m│
│[39m                        [38;5;174m▐[48;5;16m▛███▜[49m▌[39m                       [38;5;174m│
│[39m                       [38;5;174m▝▜[48;5;16m█████[49m▛▘[39m                      [38;5;174m│
│[39m                         [38;5;174m▘▘[39m [38;5;174m▝▝[39m                        [38;5;174m│
│[39m                                                      [38;5;174m│
│[39m            [38;5;246mOpus[39m [38;5;246m5[39m [38;5;246m(1M[39m [38;5;246mcontext)[39m [38;5;246mwith[39m [38;5;246mhigh…[39m            [38;5;174m│
│[39m                      [38;5;246mClaude[39m [38;5;246mMax[39m                      [38;5;174m│
│[39m               [38;5;246m/…/T/tmp.upEhbCxYox/app[39m                [38;5;174m│
│[39m                                                      [38;5;174m│
╰──────────────────────────────────────────────────────╯


[38;5;239m[48;5;237m❯ [38;5;231min one short sentence, what does main.swift do? do [39m
  [38;5;231mnot edit anything[39m

[49m  [38;5;246mRead [1m1[0m[38;5;246m file (ctrl+o to expand)[39m

[38;5;231m⏺[39m [38;5;153mmain.swift[39m just imports UIKit and declares an empty
  [38;5;153mContentView[39m UIView subclass — it does nothing.

[38;5;246m✻[39m [38;5;246mChurned for 5s[39m

[38;5;244m────────────────────────────────────────────────────────
[39m❯ [2mmake it render a hello world label[0m
[38;5;244m────────────────────────────────────────────────────────
[39m  [38;5;220m⏵⏵ auto mode on[38;5;246m (shift+tab to cycle) · ← 1[39m [38;5;246magent[39m
  [38;5;246mtmux focus-events off · add 'set -g focus-events on…[39m
