[ios-simulators] selected Xcode
developer_dir=/Applications/Xcode_26.6.app/Contents/Developer
Xcode 26.6
Build version 17F113
[ios-simulators] xcodebuild -runFirstLaunch
[ios-simulators] downloading latest iOS simulator platform for selected Xcode
Finding content...
Automatically resolved architecture variant for platform iOS as 'arm64'.
iOS is already downloaded as universal. To replace it with arm64Only, first delete the existing one.
iOS 26.5 (23F77) - 6DA88E2E-57F1-4345-8E0A-F2E0BFC97548
[ios-simulators] xcodebuild -downloadPlatform iOS rc=0
[ios-simulators] creating cmux cached iPhone 26.5 with iPhone 17 Pro Max
[ios-simulators] creating cmux cached iPad 26.5 with iPad mini (A17 Pro)
[ios-simulators] booting cmux cached iPhone 26.5 (EC6B89DF-646C-4097-A873-2B790CF6F99E) once to warm simulator caches
Monitoring boot status for cmux cached iPhone 26.5 (EC6B89DF-646C-4097-A873-2B790CF6F99E).
[2026-08-01 05:50:51 +0000] Status=1, isTerminal=NO, Elapsed=00:02.
	Waiting on BackBoard

[2026-08-01 05:50:52 +0000] Status=2, isTerminal=NO, Elapsed=00:03.
	Waiting on Data Migration
		Reason:(null)
		Migration Elapsed:00:00 seconds

[2026-08-01 05:50:52 +0000] Status=2, isTerminal=NO, Elapsed=00:03.
	Waiting on Data Migration
		Reason:Running plugin com.apple.-0LaunchServicesMigrator (00LaunchServicesMigrator.migrator, user-agnostic)
		Migration Elapsed:00:00 seconds

[2026-08-01 05:50:52 +0000] Status=2, isTerminal=NO, Elapsed=00:03.
	Waiting on Data Migration
		Reason:Running plugin com.apple.-0LaunchServicesMigrator (00LaunchServicesMigrator.migrator, user-agnostic)
		Migration Elapsed:00:01 seconds

[2026-08-01 05:50:54 +0000] Status=2, isTerminal=NO, Elapsed=00:04.
	Waiting on Data Migration
		Reason:Running plugin com.apple.-0LaunchServicesMigrator (00LaunchServicesMigrator.migrator, user-agnostic)
		Migration Elapsed:00:02 seconds

[2026-08-01 05:50:54 +0000] Status=2, isTerminal=NO, Elapsed=00:05.
	Waiting on Data Migration
		Reason:Running plugin com.apple.-0LaunchServicesMigrator (00LaunchServicesMigrator.migrator, user-agnostic)
		Migration Elapsed:00:03 seconds

[2026-08-01 05:50:55 +0000] Status=2, isTerminal=NO, Elapsed=00:06.
	Waiting on Data Migration
		Reason:Running plugin com.apple.-0LaunchServicesMigrator (00LaunchServicesMigrator.migrator, user-agnostic)
		Migration Elapsed:00:04 seconds

[2026-08-01 05:50:56 +0000] Status=2, isTerminal=NO, Elapsed=00:07.
	Waiting on Data Migration
		Reason:Running plugin com.apple.-0LaunchServicesMigrator (00LaunchServicesMigrator.migrator, user-agnostic)
		Migration Elapsed:00:05 seconds

[2026-08-01 05:50:57 +0000] Status=2, isTerminal=NO, Elapsed=00:08.
	Waiting on Data Migration
		Reason:Running plugin com.apple.-0LaunchServicesMigrator (00LaunchServicesMigrator.migrator, user-agnostic)
		Migration Elapsed:00:06 seconds

[2026-08-01 05:50:58 +0000] Status=2, isTerminal=NO, Elapsed=00:09.
	Waiting on Data Migration
		Reason:Running plugin com.apple.-0LaunchServicesMigrator (00LaunchServicesMigrator.migrator, user-agnostic)
		Migration Elapsed:00:07 seconds

[2026-08-01 05:50:59 +0000] Status=2, isTerminal=NO, Elapsed=00:10.
	Waiting on Data Migration
		Reason:Running plugin com.apple.-0LaunchServicesMigrator (00LaunchServicesMigrator.migrator, user-agnostic)
		Migration Elapsed:00:08 seconds

[2026-08-01 05:51:00 +0000] Status=2, isTerminal=NO, Elapsed=00:11.
	Waiting on Data Migration
		Reason:Running plugin com.apple.-0LaunchServicesMigrator (00LaunchServicesMigrator.migrator, user-agnostic)
		Migration Elapsed:00:09 seconds

[2026-08-01 05:51:01 +0000] Status=2, isTerminal=NO, Elapsed=00:12.
	Waiting on Data Migration
		Reason:Running plugin com.apple.-0LaunchServicesMigrator (00LaunchServicesMigrator.migrator, user-agnostic)
		Migration Elapsed:00:10 seconds

[2026-08-01 05:51:02 +0000] Status=2, isTerminal=NO, Elapsed=00:13.
	Waiting on Data Migration
		Reason:Running plugin com.apple.-0LaunchServicesMigrator (00LaunchServicesMigrator.migrator, user-agnostic)
		Migration Elapsed:00:11 seconds

[2026-08-01 05:51:03 +0000] Status=2, isTerminal=NO, Elapsed=00:14.
	Waiting on Data Migration
		Reason:Running plugin com.apple.-0LaunchServicesMigrator (00LaunchServicesMigrator.migrator, user-agnostic)
		Migration Elapsed:00:12 seconds

[2026-08-01 05:51:04 +0000] Status=2, isTerminal=NO, Elapsed=00:15.
	Waiting on Data Migration
		Reason:Running plugin com.apple.-0LaunchServicesMigrator (00LaunchServicesMigrator.migrator, user-agnostic)
		Migration Elapsed:00:13 seconds

[2026-08-01 05:51:05 +0000] Status=2, isTerminal=NO, Elapsed=00:16.
	Waiting on Data Migration
		Reason:Running plugin com.apple.-0LaunchServicesMigrator (00LaunchServicesMigrator.migrator, user-agnostic)
		Migration Elapsed:00:14 seconds

[2026-08-01 05:51:06 +0000] Status=2, isTerminal=NO, Elapsed=00:17.
	Waiting on Data Migration
		Reason:Running plugin com.apple.-0LaunchServicesMigrator (00LaunchServicesMigrator.migrator, user-agnostic)
		Migration Elapsed:00:15 seconds

[2026-08-01 05:51:07 +0000] Status=2, isTerminal=NO, Elapsed=00:18.
	Waiting on Data Migration
		Reason:Running plugin com.apple.-0LaunchServicesMigrator (00LaunchServicesMigrator.migrator, user-agnostic)
		Migration Elapsed:00:16 seconds

[2026-08-01 05:51:08 +0000] Status=2, isTerminal=NO, Elapsed=00:19.
	Waiting on Data Migration
		Reason:Running plugin com.apple.-0LaunchServicesMigrator (00LaunchServicesMigrator.migrator, user-agnostic)
		Migration Elapsed:00:17 seconds

[2026-08-01 05:51:09 +0000] Status=2, isTerminal=NO, Elapsed=00:20.
	Waiting on Data Migration
		Reason:Running plugin com.apple.-0LaunchServicesMigrator (00LaunchServicesMigrator.migrator, user-agnostic)
		Migration Elapsed:00:18 seconds

[2026-08-01 05:51:10 +0000] Status=2, isTerminal=NO, Elapsed=00:21.
	Waiting on Data Migration
		Reason:Running plugin com.apple.-0LaunchServicesMigrator (00LaunchServicesMigrator.migrator, user-agnostic)
		Migration Elapsed:00:19 seconds

[2026-08-01 05:51:11 +0000] Status=2, isTerminal=NO, Elapsed=00:22.
	Waiting on Data Migration
		Reason:Running plugin com.apple.-0LaunchServicesMigrator (00LaunchServicesMigrator.migrator, user-agnostic)
		Migration Elapsed:00:20 seconds

[2026-08-01 05:51:13 +0000] Status=2, isTerminal=NO, Elapsed=00:24.
	Waiting on Data Migration
		Reason:Running plugin com.apple.managedconfiguration.migrator (MCProfile.migrator, user-agnostic)
		Migration Elapsed:00:21 seconds

[2026-08-01 05:51:13 +0000] Status=2, isTerminal=NO, Elapsed=00:24.
	Waiting on Data Migration
		Reason:Running plugin com.apple.MobileSafari.migrator (MobileSafari.migrator)
		Migration Elapsed:00:22 seconds

[2026-08-01 05:51:14 +0000] Status=4, isTerminal=NO, Elapsed=00:25.
	Waiting on System App

[2026-08-01 05:51:15 +0000] Status=4, isTerminal=NO, Elapsed=00:26.
	Waiting on System App

[2026-08-01 05:51:16 +0000] Status=4, isTerminal=NO, Elapsed=00:27.
	Waiting on System App

[2026-08-01 05:51:17 +0000] Status=4, isTerminal=NO, Elapsed=00:28.
	Waiting on System App

[2026-08-01 05:51:19 +0000] Status=4, isTerminal=NO, Elapsed=00:30.
	Waiting on System App

[2026-08-01 05:51:20 +0000] Status=4294967295, isTerminal=YES, Elapsed=00:31.
	Finished

[ios-simulators] cmux cached iPhone 26.5 bootstatus=ok
[ios-simulators] booting cmux cached iPad 26.5 (9AFAAE12-4ECE-418C-B05B-8154C1425A1E) once to warm simulator caches
Monitoring boot status for cmux cached iPad 26.5 (9AFAAE12-4ECE-418C-B05B-8154C1425A1E).
[2026-08-01 05:51:25 +0000] Status=2, isTerminal=NO, Elapsed=00:02.
	Waiting on Data Migration
		Reason:(null)
		Migration Elapsed:00:00 seconds

[2026-08-01 05:51:25 +0000] Status=2, isTerminal=NO, Elapsed=00:02.
	Waiting on Data Migration
		Reason:Gathering plugins
		Migration Elapsed:00:00 seconds

[2026-08-01 05:51:26 +0000] Status=2, isTerminal=NO, Elapsed=00:02.
	Waiting on Data Migration
		Reason:Running plugin com.apple.-0LaunchServicesMigrator (00LaunchServicesMigrator.migrator, user-agnostic)
		Migration Elapsed:00:00 seconds

[2026-08-01 05:51:27 +0000] Status=2, isTerminal=NO, Elapsed=00:03.
	Waiting on Data Migration
		Reason:Running plugin com.apple.-0LaunchServicesMigrator (00LaunchServicesMigrator.migrator, user-agnostic)
		Migration Elapsed:00:01 seconds

[2026-08-01 05:51:28 +0000] Status=2, isTerminal=NO, Elapsed=00:04.
	Waiting on Data Migration
		Reason:Running plugin com.apple.-0LaunchServicesMigrator (00LaunchServicesMigrator.migrator, user-agnostic)
		Migration Elapsed:00:02 seconds

[2026-08-01 05:51:29 +0000] Status=2, isTerminal=NO, Elapsed=00:05.
	Waiting on Data Migration
		Reason:Running plugin com.apple.-0LaunchServicesMigrator (00LaunchServicesMigrator.migrator, user-agnostic)
		Migration Elapsed:00:03 seconds

[2026-08-01 05:51:30 +0000] Status=2, isTerminal=NO, Elapsed=00:06.
	Waiting on Data Migration
		Reason:Running plugin com.apple.-0LaunchServicesMigrator (00LaunchServicesMigrator.migrator, user-agnostic)
		Migration Elapsed:00:04 seconds

[2026-08-01 05:51:31 +0000] Status=2, isTerminal=NO, Elapsed=00:07.
	Waiting on Data Migration
		Reason:Running plugin com.apple.-0LaunchServicesMigrator (00LaunchServicesMigrator.migrator, user-agnostic)
		Migration Elapsed:00:05 seconds

[2026-08-01 05:51:32 +0000] Status=2, isTerminal=NO, Elapsed=00:08.
	Waiting on Data Migration
		Reason:Running plugin com.apple.-0LaunchServicesMigrator (00LaunchServicesMigrator.migrator, user-agnostic)
		Migration Elapsed:00:06 seconds

[2026-08-01 05:51:33 +0000] Status=2, isTerminal=NO, Elapsed=00:09.
	Waiting on Data Migration
		Reason:Running plugin com.apple.-0LaunchServicesMigrator (00LaunchServicesMigrator.migrator, user-agnostic)
		Migration Elapsed:00:07 seconds

[2026-08-01 05:51:34 +0000] Status=2, isTerminal=NO, Elapsed=00:10.
	Waiting on Data Migration
		Reason:Running plugin com.apple.-0LaunchServicesMigrator (00LaunchServicesMigrator.migrator, user-agnostic)
		Migration Elapsed:00:08 seconds

[2026-08-01 05:51:35 +0000] Status=2, isTerminal=NO, Elapsed=00:11.
	Waiting on Data Migration
		Reason:Running plugin com.apple.-0LaunchServicesMigrator (00LaunchServicesMigrator.migrator, user-agnostic)
		Migration Elapsed:00:09 seconds

[2026-08-01 05:51:36 +0000] Status=2, isTerminal=NO, Elapsed=00:12.
	Waiting on Data Migration
		Reason:Running plugin com.apple.-0LaunchServicesMigrator (00LaunchServicesMigrator.migrator, user-agnostic)
		Migration Elapsed:00:10 seconds

[2026-08-01 05:51:37 +0000] Status=2, isTerminal=NO, Elapsed=00:13.
	Waiting on Data Migration
		Reason:Running plugin com.apple.-0LaunchServicesMigrator (00LaunchServicesMigrator.migrator, user-agnostic)
		Migration Elapsed:00:11 seconds

[2026-08-01 05:51:38 +0000] Status=2, isTerminal=NO, Elapsed=00:14.
	Waiting on Data Migration
		Reason:Running plugin com.apple.-0LaunchServicesMigrator (00LaunchServicesMigrator.migrator, user-agnostic)
		Migration Elapsed:00:12 seconds

[2026-08-01 05:51:39 +0000] Status=2, isTerminal=NO, Elapsed=00:15.
	Waiting on Data Migration
		Reason:Running plugin com.apple.-0LaunchServicesMigrator (00LaunchServicesMigrator.migrator, user-agnostic)
		Migration Elapsed:00:13 seconds

[2026-08-01 05:51:40 +0000] Status=2, isTerminal=NO, Elapsed=00:16.
	Waiting on Data Migration
		Reason:Running plugin com.apple.-0LaunchServicesMigrator (00LaunchServicesMigrator.migrator, user-agnostic)
		Migration Elapsed:00:14 seconds

[2026-08-01 05:51:41 +0000] Status=2, isTerminal=NO, Elapsed=00:17.
	Waiting on Data Migration
		Reason:Running plugin com.apple.-0LaunchServicesMigrator (00LaunchServicesMigrator.migrator, user-agnostic)
		Migration Elapsed:00:15 seconds

[2026-08-01 05:51:42 +0000] Status=2, isTerminal=NO, Elapsed=00:18.
	Waiting on Data Migration
		Reason:Running plugin com.apple.securityd.KeychainMigrator (KeychainMigrator.migrator, user-agnostic)
		Migration Elapsed:00:16 seconds

[2026-08-01 05:51:43 +0000] Status=2, isTerminal=NO, Elapsed=00:19.
	Waiting on Data Migration
		Reason:Running plugin com.apple.managedconfiguration.migrator (MCProfile.migrator, user-agnostic)
		Migration Elapsed:00:17 seconds

[2026-08-01 05:51:44 +0000] Status=2, isTerminal=NO, Elapsed=00:20.
	Waiting on Data Migration
		Reason:Running plugin com.apple.StocksMigrator (StocksMigrator.migrator)
		Migration Elapsed:00:18 seconds

[2026-08-01 05:51:45 +0000] Status=4, isTerminal=NO, Elapsed=00:21.
	Waiting on System App

[2026-08-01 05:51:46 +0000] Status=4, isTerminal=NO, Elapsed=00:22.
	Waiting on System App

[2026-08-01 05:51:47 +0000] Status=4294967295, isTerminal=YES, Elapsed=00:24.
	Finished

[ios-simulators] cmux cached iPad 26.5 bootstatus=ok
[ios-simulators] summary written to .runner/ios-simulators.txt
